// Jest Snapshot v1, https://goo.gl/fbAQLP

exports[`ButtonText Should match snapshot 1`] = `
<div>
  <button
    class="sc-ca2c7edf-0 jmxxiU"
  />
</div>
`;
